// Bun Snapshot v1, https://bun.sh/docs/test/snapshots

exports[`listCommitsSince wxt-analytics-analytics-v0.4.1..analytics-v0.5.0.log 1`] = `
[
  {
    "author": {
      "email": "aaronklinker1@gmail.com",
      "name": "Aaron",
    },
    "body": undefined,
    "date": 2025-03-21T21:47:32.000Z,
    "hash": "2e8baf0161731ad599f90405371d9580748fad13",
    "subject": "fix!: Update min WXT version to 0.20",
  },
  {
    "author": {
      "email": "aaronklinker1@gmail.com",
      "name": "Aaron",
    },
    "body": "Co-authored-by: aklinker1 <aklinker1@users.noreply.github.com>",
    "date": 2025-03-04T04:44:40.000Z,
    "hash": "0f0daf378c3e22b4b982556733a8d683a21721ab",
    "subject": "feat: New \`@wxt-dev/analytics\` package (#790)",
  },
]
`;

exports[`listCommitsSince wxt-analytics-analytics-v0.5.2..analytics-v0.5.3.log 1`] = `
[
  {
    "author": {
      "email": "11639260+sm17p@users.noreply.github.com",
      "name": "Smit",
    },
    "body": "Co-authored-by: Aaron <aaronklinker1@gmail.com>",
    "date": 2026-02-22T20:15:16.000Z,
    "hash": "42047246358a98fb1f910ef2e16f210e46c6b9a0",
    "subject": "fix: Improve background script detection logic for analytics package (#1808)",
  },
  {
    "author": {
      "email": "aaronklinker1@gmail.com",
      "name": "Aaron",
    },
    "body": undefined,
    "date": 2026-02-21T20:19:43.000Z,
    "hash": "636cf1f8415f938659e3213c8c42ddc729f3aa22",
    "subject": "fix: Allow \`userId\` option to return \`undefined\`",
  },
  {
    "author": {
      "email": "p.kuniczak@gmail.com",
      "name": "Patryk Kuniczak",
    },
    "body": undefined,
    "date": 2026-02-21T20:20:42.000Z,
    "hash": "3b154508bd0d454ac271aa3447a4c7866167ca7b",
    "subject": "chore: Created new types, instead of \`any\` for \`analytics\` (#2119)",
  },
  {
    "author": {
      "email": "79007994+Arktomson@users.noreply.github.com",
      "name": "sheng zhang",
    },
    "body": "Co-authored-by: Aaron <aaronklinker1@gmail.com>",
    "date": 2026-02-21T15:38:42.000Z,
    "hash": "430a3acfeb25410d07e0ca48981a6f819762f29d",
    "subject": "fix: Add \`getAppConfig\` as an alias to \`useAppConfig\` (#2144)",
  },
]
`;

exports[`listCommitsSince wxt-analytics-analytics-v0.5.3..analytics-v0.5.4.log 1`] = `
[
  {
    "author": {
      "email": "aaronklinker1@gmail.com",
      "name": "Aaron",
    },
    "body": undefined,
    "date": 2026-02-22T22:10:48.000Z,
    "hash": "bfd94556b8864f86e5cde2a4c989ec7cb7e5e220",
    "subject": "fix: Continue using \`useAppConfig\` to support older versions of WXT",
  },
]
`;

exports[`listCommitsSince wxt-wxt-v0.20.14..wxt-v0.20.15.log 1`] = `
[
  {
    "author": {
      "email": "nickbar01234@gmail.com",
      "name": "Nick Doan",
    },
    "body":
"Co-authored-by: nickbar01234 <nickbar01234gmail.com>
Co-authored-by: Aaron <aaronklinker1@gmail.com>"
,
    "date": 2026-02-11T04:57:27.000Z,
    "hash": "3417bd3ed27d2e52e6b906393e0329565256f0e7",
    "subject": "feat: Add log \`--level\` cli option (#1973)",
  },
  {
    "author": {
      "email": "p.kuniczak@gmail.com",
      "name": "Patryk Kuniczak",
    },
    "body": undefined,
    "date": 2026-02-10T18:23:19.000Z,
    "hash": "9470d2b6968300d9d4a0abfecc0f9a776c00c0cd",
    "subject": "fix: rename \`name\` to \`names\` prop of \`rollup\` to fix deprecated warning (#2106)",
  },
  {
    "author": {
      "email": "aaronklinker1@gmail.com",
      "name": "Aaron",
    },
    "body": "Co-authored-by: Patryk Kuniczak <p.kuniczak@gmail.com>",
    "date": 2026-02-09T08:09:51.000Z,
    "hash": "75f01db54365ff3dee5ebe82211ba29e82fc6053",
    "subject": "refactor: Simplify import paths (#2093)",
  },
  {
    "author": {
      "email": "wotan-ai@proton.me",
      "name": "wotan-allfather",
    },
    "body": "Co-authored-by: Aaron <aaronklinker1@gmail.com>",
    "date": 2026-02-09T07:28:26.000Z,
    "hash": "19456ec855f8f357d87e6bda66ad760f7fbdff6b",
    "subject": "feat(popup): Add Firefox \`default_area\` and \`theme_icons\` support (#2097)",
  },
  {
    "author": {
      "email": "aaronklinker1@gmail.com",
      "name": "Aaron",
    },
    "body": "This reverts commit 26b7927f629122412e52be94596bfe9cf2b0b3db.",
    "date": 2026-02-09T06:44:07.000Z,
    "hash": "2c57840c447f57a84a74024e072369c0da16574f",
    "subject": "revert: Use \`uiContainer\` to apply position when creating shadow root ui (#2036)",
  },
  {
    "author": {
      "email": "535248+namuorg@users.noreply.github.com",
      "name": "Namu",
    },
    "body":
"Co-authored-by: Namu <535248+namukang@users.noreply.github.com>
Co-authored-by: Aaron <aaronklinker1@gmail.com>"
,
    "date": 2026-02-09T06:32:35.000Z,
    "hash": "26b7927f629122412e52be94596bfe9cf2b0b3db",
    "subject": "fix: Use \`uiContainer\` to apply position when creating shadow root ui (#2036)",
  },
  {
    "author": {
      "email": "p.kuniczak@gmail.com",
      "name": "Patryk Kuniczak",
    },
    "body": undefined,
    "date": 2026-02-08T08:18:49.000Z,
    "hash": "3a3953edf682d240e3cf04c364e10fb166c1559d",
    "subject": "feat: Export \`normalizePath\` from \`wxt\` module (#2080)",
  },
]
`;

exports[`listCommitsSince zero-changelog-5217867..e780928.log 1`] = `
[
  {
    "author": {
      "email": "aaronklinker1@gmail.com",
      "name": "Aaron",
    },
    "body": undefined,
    "date": 2025-04-17T04:56:23.000Z,
    "hash": "e780928d469a73cbd9b0853f3a140610b146f20e",
    "subject": "chore(release): v1.0.1",
  },
  {
    "author": {
      "email": "aaronklinker1@gmail.com",
      "name": "Aaron",
    },
    "body": undefined,
    "date": 2025-04-17T04:55:02.000Z,
    "hash": "433d0d75cb3f521bc3bafe111f46d9ab0dc93a50",
    "subject": "docs: Update jsdoc",
  },
  {
    "author": {
      "email": "aaronklinker1@gmail.com",
      "name": "Aaron",
    },
    "body": undefined,
    "date": 2025-04-17T04:20:45.000Z,
    "hash": "6cfeaa0aaad691bc6502a8a49dbfe26628020e04",
    "subject": "chore: Setup NPM and JSR publishing",
  },
  {
    "author": {
      "email": "aaronklinker1@gmail.com",
      "name": "Aaron",
    },
    "body": undefined,
    "date": 2025-04-17T04:51:21.000Z,
    "hash": "ad06d369a3529dbf1f8204c76a507547195022c7",
    "subject": "docs: Update README.md",
  },
  {
    "author": {
      "email": "aaronklinker1@gmail.com",
      "name": "Aaron",
    },
    "body": undefined,
    "date": 2025-04-17T04:50:06.000Z,
    "hash": "476e4e0de394d9d505dbc79592f83e02087d63a3",
    "subject": "docs: Update README.md",
  },
  {
    "author": {
      "email": "aaronklinker1@gmail.com",
      "name": "Aaron",
    },
    "body": undefined,
    "date": 2025-04-17T04:49:42.000Z,
    "hash": "0fbf387d1ab78f2f2344441f3860dcb01a7dfb6e",
    "subject": "docs: Update README",
  },
  {
    "author": {
      "email": "aaronklinker1@gmail.com",
      "name": "Aaron",
    },
    "body": undefined,
    "date": 2025-04-17T04:48:40.000Z,
    "hash": "4aaafb5f133c9764dca5cb9ad77b05ebbdeb7f11",
    "subject": "docs: Update README.md",
  },
  {
    "author": {
      "email": "aaronklinker1@gmail.com",
      "name": "Aaron",
    },
    "body": undefined,
    "date": 2025-04-17T04:01:19.000Z,
    "hash": "641382ee07ecebfc019c81e227f4981f79cb614f",
    "subject": "docs: Update package name",
  },
  {
    "author": {
      "email": "aaronklinker1@gmail.com",
      "name": "Aaron",
    },
    "body": undefined,
    "date": 2025-04-17T04:00:24.000Z,
    "hash": "5ec532520263717a9661dedd3a09ec40f8c4fe84",
    "subject": "chore: Remove \`.DS_Store\`",
  },
  {
    "author": {
      "email": "aaronklinker1@gmail.com",
      "name": "Aaron",
    },
    "body": undefined,
    "date": 2025-04-17T03:59:55.000Z,
    "hash": "59c0713ccc2bf8baeeb2a2cf4e0e9c1cb57cbb9f",
    "subject": "feat: \`createIocContainer\`",
  },
]
`;
